// **************************************************************************
// Generator: AngularDart Compiler
// **************************************************************************

import 'queries.dart';
import 'package:angular/src/reflector.dart' as _ngRef;
import 'queries.template.dart' as _ref0;
import 'package:angular/src/core/linker/views/component_view.dart' as import0;
import 'queries.dart' as import1;
import 'package:angular/src/core/linker/view_container.dart';
import 'package:angular/src/common/directives/ng_if.dart';
import 'package:angular/src/core/linker/style_encapsulation.dart' as import4;
import 'package:angular/src/core/linker/views/view.dart' as import5;
import 'package:angular/src/core/change_detection/change_detection.dart';
import 'package:angular/src/utilities.dart' as import7;
import 'dart:html' as import8;
import 'package:angular/src/runtime/dom_helpers.dart' as import9;
import 'package:angular/src/devtools.dart' as import10;
import 'package:angular/src/core/linker/template_ref.dart';
import 'package:angular/src/core/linker/element_ref.dart';
import 'package:angular/src/runtime/check_binding.dart' as import13;
import 'package:angular/src/runtime/queries.dart' as import14;
import 'package:angular/angular.dart';
import 'package:angular/src/core/linker/views/embedded_view.dart' as import16;
import 'package:angular/src/core/linker/views/render_view.dart' as import17;
import 'package:angular/src/core/linker/views/host_view.dart' as import18;
import 'package:angular/src/common/directives/ng_for.dart' as import19;
import 'package:angular/src/runtime/text_binding.dart' as import20;
import 'package:angular/src/core/linker/ng_content_ref.dart' as import21;
import 'package:angular/src/runtime/interpolate.dart' as import22;

final List<Object> styles$GoldenComponent = const [];

class ViewGoldenComponent0 extends import0.ComponentView<import1.GoldenComponent> {
  bool _viewQuery_AnotherDirective_4_isDirty = true;
  bool _viewQuery_q3_5_isDirty = true;
  late final import1.AnotherDirective _AnotherDirective_0_5;
  late final import1.AnotherDirective _AnotherDirective_1_5;
  late final ViewContainer _appEl_2;
  late final NgIf _NgIf_2_9;
  late final ViewEmbeddedQueries0 _compView_3;
  late final import1.EmbeddedQueries _EmbeddedQueries_3_5;
  late final ViewNestedNgForQueriesList0 _compView_4;
  late final import1.NestedNgForQueriesList _NestedNgForQueriesList_4_5;
  late final ViewStaticSingleQuery0 _compView_5;
  late final import1.StaticSingleQuery _StaticSingleQuery_5_5;
  late final ViewDynamicSingleQuery0 _compView_6;
  late final import1.DynamicSingleQuery _DynamicSingleQuery_6_5;
  late final ViewContentQuery0 _compView_7;
  late final import1.ContentQuery _ContentQuery_7_5;
  late final ViewContentHasReference0 _compView_8;
  late final import1.ContentHasReference _ContentHasReference_8_5;
  static import4.ComponentStyles? _componentStyles;
  ViewGoldenComponent0(import5.View parentView, int parentIndex) : super(parentView, parentIndex, ChangeDetectionStrategy.CheckAlways) {
    this.initComponentStyles();
    this.rootElement = import7.unsafeCast(import8.document.createElement('golden'));
  }
  static String? get _debugComponentUrl {
    return (import7.isDevMode ? 'asset:goldens/test/templates/queries.dart' : null);
  }

  @override
  void build() {
    final _ctx = this.ctx;
    final parentRenderNode = this.initViewRoot();
    this.project(parentRenderNode, 0);
    final doc = import8.document;
    final _el_0 = import9.appendElement<import8.Element>(doc, parentRenderNode, 'another');
    this._AnotherDirective_0_5 = import1.AnotherDirective();
    if (import10.isDevToolsEnabled) {
      import10.Inspector.instance.registerDirective(_el_0, this._AnotherDirective_0_5);
    }
    final _el_1 = import9.appendElement<import8.Element>(doc, parentRenderNode, 'another');
    this._AnotherDirective_1_5 = import1.AnotherDirective();
    if (import10.isDevToolsEnabled) {
      import10.Inspector.instance.registerDirective(_el_1, this._AnotherDirective_1_5);
    }
    final _anchor_2 = import9.appendAnchor(parentRenderNode);
    this._appEl_2 = ViewContainer(2, null, this, _anchor_2);
    var _TemplateRef_2_8 = TemplateRef(this._appEl_2, viewFactory_GoldenComponent1);
    this._NgIf_2_9 = NgIf(this._appEl_2, _TemplateRef_2_8);
    if (import10.isDevToolsEnabled) {
      import10.Inspector.instance.registerDirective(_anchor_2, this._NgIf_2_9);
    }
    this._compView_3 = ViewEmbeddedQueries0(this, 3);
    final _el_3 = this._compView_3.rootElement;
    parentRenderNode.append(_el_3);
    this._EmbeddedQueries_3_5 = import1.EmbeddedQueries();
    this._compView_3.create(this._EmbeddedQueries_3_5);
    this._compView_4 = ViewNestedNgForQueriesList0(this, 4);
    final _el_4 = this._compView_4.rootElement;
    parentRenderNode.append(_el_4);
    this._NestedNgForQueriesList_4_5 = import1.NestedNgForQueriesList();
    this._compView_4.create(this._NestedNgForQueriesList_4_5);
    this._compView_5 = ViewStaticSingleQuery0(this, 5);
    final _el_5 = this._compView_5.rootElement;
    parentRenderNode.append(_el_5);
    this._StaticSingleQuery_5_5 = import1.StaticSingleQuery();
    this._compView_5.create(this._StaticSingleQuery_5_5);
    this._compView_6 = ViewDynamicSingleQuery0(this, 6);
    final _el_6 = this._compView_6.rootElement;
    parentRenderNode.append(_el_6);
    this._DynamicSingleQuery_6_5 = import1.DynamicSingleQuery();
    this._compView_6.create(this._DynamicSingleQuery_6_5);
    this._compView_7 = ViewContentQuery0(this, 7);
    final _el_7 = this._compView_7.rootElement;
    parentRenderNode.append(_el_7);
    this._ContentQuery_7_5 = import1.ContentQuery();
    this._compView_7.createAndProject(this._ContentQuery_7_5, [const <Object>[]]);
    this._compView_8 = ViewContentHasReference0(this, 8);
    final _el_8 = this._compView_8.rootElement;
    parentRenderNode.append(_el_8);
    this._ContentHasReference_8_5 = import1.ContentHasReference();
    this._compView_8.createAndProject(this._ContentHasReference_8_5, [const <Object>[]]);
    _ctx.viewChildrenFromField = [this._AnotherDirective_1_5];
    _ctx.viewChildFromField = this._AnotherDirective_1_5;
    _ctx.readDIFromElementRef = ElementRef(_el_1);
    _ctx.readDIFromElement = _el_1;
  }

  @override
  void detectChangesInternal() {
    final _ctx = this.ctx;
    if (import10.isDevToolsEnabled) {
      import10.Inspector.instance.recordInput(this._NgIf_2_9, 'ngIf', _ctx.someValue);
    }
    this._NgIf_2_9.ngIf = _ctx.someValue /* REF:asset:goldens/test/templates/queries.dart:694:711 */;
    this._appEl_2.detectChangesInNestedViews();
    if ((!import13.debugThrowIfChanged)) {
      if (this._viewQuery_AnotherDirective_4_isDirty) {
        _ctx.usingTypeFromField = [
          this._AnotherDirective_0_5,
          this._AnotherDirective_1_5,
          ...this._appEl_2.mapNestedViewsWithSingleResult((_ViewGoldenComponent1 nestedView) {
            return nestedView._AnotherDirective_0_5;
          })
        ];
        this._viewQuery_AnotherDirective_4_isDirty = false;
      }
      if (this._viewQuery_q3_5_isDirty) {
        _ctx.nestedViewChild = import14.firstOrNull(this._appEl_2.mapNestedViewsWithSingleResult((_ViewGoldenComponent1 nestedView) {
          return nestedView._AnotherDirective_0_5;
        }));
        this._viewQuery_q3_5_isDirty = false;
      }
    }
    this._compView_3.detectChanges();
    this._compView_4.detectChanges();
    this._compView_5.detectChanges();
    this._compView_6.detectChanges();
    this._compView_7.detectChanges();
    this._compView_8.detectChanges();
  }

  @override
  void destroyInternal() {
    this._appEl_2.destroyNestedViews();
    this._compView_3.destroyInternalState();
    this._compView_4.destroyInternalState();
    this._compView_5.destroyInternalState();
    this._compView_6.destroyInternalState();
    this._compView_7.destroyInternalState();
    this._compView_8.destroyInternalState();
  }

  static void _debugClearComponentStyles() {
    _componentStyles = null;
  }

  void initComponentStyles() {
    var styles = _componentStyles;
    if ((styles == null)) {
      _componentStyles = (styles = import4.ComponentStyles.unscoped(styles$GoldenComponent, _debugComponentUrl));
      if (import7.isDevMode) {
        import4.ComponentStyles.debugOnClear(_debugClearComponentStyles);
      }
    }
    this.componentStyles = styles;
  }
}

const _GoldenComponentNgFactory = ComponentFactory<import1.GoldenComponent>('golden', viewFactory_GoldenComponentHost0);
ComponentFactory<import1.GoldenComponent> get GoldenComponentNgFactory {
  return _GoldenComponentNgFactory;
}

ComponentFactory<import1.GoldenComponent> createGoldenComponentFactory() {
  return ComponentFactory('golden', viewFactory_GoldenComponentHost0);
}

class _ViewGoldenComponent1 extends import16.EmbeddedView<import1.GoldenComponent> {
  late final import1.AnotherDirective _AnotherDirective_0_5;
  _ViewGoldenComponent1(import17.RenderView parentView, int parentIndex) : super(parentView, parentIndex);
  @override
  void build() {
    final doc = import8.document;
    final _el_0 = import7.unsafeCast(doc.createElement('another'));
    this._AnotherDirective_0_5 = import1.AnotherDirective();
    if (import10.isDevToolsEnabled) {
      import10.Inspector.instance.registerDirective(_el_0, this._AnotherDirective_0_5);
    }
    this.initRootNode(_el_0);
  }

  @override
  void dirtyParentQueriesInternal() {
    import7.unsafeCast<ViewGoldenComponent0>((this.parentView!))._viewQuery_AnotherDirective_4_isDirty = true;
    import7.unsafeCast<ViewGoldenComponent0>((this.parentView!))._viewQuery_q3_5_isDirty = true;
  }
}

import16.EmbeddedView<void> viewFactory_GoldenComponent1(import17.RenderView parentView, int parentIndex) {
  return _ViewGoldenComponent1(parentView, parentIndex);
}

final List<Object> styles$GoldenComponentHost = const [];

class _ViewGoldenComponentHost0 extends import18.HostView<import1.GoldenComponent> {
  @override
  void build() {
    this.componentView = ViewGoldenComponent0(this, 0);
    final _el_0 = this.componentView.rootElement;
    this.component = import1.GoldenComponent();
    this.component.contentChildrenFromField = [];
    this.initRootNode(_el_0);
  }
}

import18.HostView<import1.GoldenComponent> viewFactory_GoldenComponentHost0() {
  return _ViewGoldenComponentHost0();
}

final List<Object> styles$EmbeddedQueries = const [];

class ViewEmbeddedQueries0 extends import0.ComponentView<import1.EmbeddedQueries> {
  bool _viewQuery_AnotherDirective_0_isDirty = true;
  late final import1.AnotherDirective _AnotherDirective_0_5;
  late final ViewContainer _appEl_1;
  late final ViewContainer _appEl_2;
  static import4.ComponentStyles? _componentStyles;
  ViewEmbeddedQueries0(import5.View parentView, int parentIndex) : super(parentView, parentIndex, ChangeDetectionStrategy.CheckAlways) {
    this.initComponentStyles();
    this.rootElement = import7.unsafeCast(import8.document.createElement('embedded-queries'));
  }
  static String? get _debugComponentUrl {
    return (import7.isDevMode ? 'asset:goldens/test/templates/queries.dart' : null);
  }

  @override
  void build() {
    final parentRenderNode = this.initViewRoot();
    final doc = import8.document;
    final _el_0 = import9.appendElement<import8.Element>(doc, parentRenderNode, 'another');
    this._AnotherDirective_0_5 = import1.AnotherDirective();
    if (import10.isDevToolsEnabled) {
      import10.Inspector.instance.registerDirective(_el_0, this._AnotherDirective_0_5);
    }
    final _anchor_1 = import9.appendAnchor(parentRenderNode);
    this._appEl_1 = ViewContainer(1, null, this, _anchor_1);
    var _TemplateRef_1_7 = TemplateRef(this._appEl_1, viewFactory_EmbeddedQueries1);
    final _anchor_2 = import9.appendAnchor(parentRenderNode);
    this._appEl_2 = ViewContainer(2, null, this, _anchor_2);
    var _TemplateRef_2_7 = TemplateRef(this._appEl_2, viewFactory_EmbeddedQueries2);
  }

  @override
  void detectChangesInternal() {
    final _ctx = this.ctx;
    if ((!import13.debugThrowIfChanged)) {
      if (this._viewQuery_AnotherDirective_0_isDirty) {
        _ctx.viewChildren = [
          this._AnotherDirective_0_5,
          ...this._appEl_1.mapNestedViewsWithSingleResult((_ViewEmbeddedQueries1 nestedView) {
            return nestedView._AnotherDirective_0_5;
          }),
          ...this._appEl_2.mapNestedViewsWithSingleResult((_ViewEmbeddedQueries2 nestedView) {
            return nestedView._AnotherDirective_0_5;
          })
        ];
        this._viewQuery_AnotherDirective_0_isDirty = false;
      }
    }
  }

  static void _debugClearComponentStyles() {
    _componentStyles = null;
  }

  void initComponentStyles() {
    var styles = _componentStyles;
    if ((styles == null)) {
      _componentStyles = (styles = import4.ComponentStyles.unscoped(styles$EmbeddedQueries, _debugComponentUrl));
      if (import7.isDevMode) {
        import4.ComponentStyles.debugOnClear(_debugClearComponentStyles);
      }
    }
    this.componentStyles = styles;
  }
}

const _EmbeddedQueriesNgFactory = ComponentFactory<import1.EmbeddedQueries>('embedded-queries', viewFactory_EmbeddedQueriesHost0);
ComponentFactory<import1.EmbeddedQueries> get EmbeddedQueriesNgFactory {
  return _EmbeddedQueriesNgFactory;
}

ComponentFactory<import1.EmbeddedQueries> createEmbeddedQueriesFactory() {
  return ComponentFactory('embedded-queries', viewFactory_EmbeddedQueriesHost0);
}

class _ViewEmbeddedQueries1 extends import16.EmbeddedView<import1.EmbeddedQueries> {
  late final import1.AnotherDirective _AnotherDirective_0_5;
  _ViewEmbeddedQueries1(import17.RenderView parentView, int parentIndex) : super(parentView, parentIndex);
  @override
  void build() {
    final doc = import8.document;
    final _el_0 = import7.unsafeCast(doc.createElement('another'));
    this._AnotherDirective_0_5 = import1.AnotherDirective();
    if (import10.isDevToolsEnabled) {
      import10.Inspector.instance.registerDirective(_el_0, this._AnotherDirective_0_5);
    }
    this.initRootNode(_el_0);
  }

  @override
  void dirtyParentQueriesInternal() {
    import7.unsafeCast<ViewEmbeddedQueries0>((this.parentView!))._viewQuery_AnotherDirective_0_isDirty = true;
  }
}

import16.EmbeddedView<void> viewFactory_EmbeddedQueries1(import17.RenderView parentView, int parentIndex) {
  return _ViewEmbeddedQueries1(parentView, parentIndex);
}

class _ViewEmbeddedQueries2 extends import16.EmbeddedView<import1.EmbeddedQueries> {
  late final import1.AnotherDirective _AnotherDirective_0_5;
  _ViewEmbeddedQueries2(import17.RenderView parentView, int parentIndex) : super(parentView, parentIndex);
  @override
  void build() {
    final doc = import8.document;
    final _el_0 = import7.unsafeCast(doc.createElement('another'));
    this._AnotherDirective_0_5 = import1.AnotherDirective();
    if (import10.isDevToolsEnabled) {
      import10.Inspector.instance.registerDirective(_el_0, this._AnotherDirective_0_5);
    }
    this.initRootNode(_el_0);
  }

  @override
  void dirtyParentQueriesInternal() {
    import7.unsafeCast<ViewEmbeddedQueries0>((this.parentView!))._viewQuery_AnotherDirective_0_isDirty = true;
  }
}

import16.EmbeddedView<void> viewFactory_EmbeddedQueries2(import17.RenderView parentView, int parentIndex) {
  return _ViewEmbeddedQueries2(parentView, parentIndex);
}

final List<Object> styles$EmbeddedQueriesHost = const [];

class _ViewEmbeddedQueriesHost0 extends import18.HostView<import1.EmbeddedQueries> {
  @override
  void build() {
    this.componentView = ViewEmbeddedQueries0(this, 0);
    final _el_0 = this.componentView.rootElement;
    this.component = import1.EmbeddedQueries();
    this.initRootNode(_el_0);
  }
}

import18.HostView<import1.EmbeddedQueries> viewFactory_EmbeddedQueriesHost0() {
  return _ViewEmbeddedQueriesHost0();
}

final List<Object> styles$NestedNgForQueriesList = const [];

class ViewNestedNgForQueriesList0 extends import0.ComponentView<import1.NestedNgForQueriesList> {
  late final ViewContainer _appEl_0;
  late final NgIf _NgIf_0_9;
  static import4.ComponentStyles? _componentStyles;
  ViewNestedNgForQueriesList0(import5.View parentView, int parentIndex) : super(parentView, parentIndex, ChangeDetectionStrategy.CheckAlways) {
    this.initComponentStyles();
    this.rootElement = import7.unsafeCast(import8.document.createElement('nested-ng-for-queries'));
  }
  static String? get _debugComponentUrl {
    return (import7.isDevMode ? 'asset:goldens/test/templates/queries.dart' : null);
  }

  @override
  void build() {
    final _ctx = this.ctx;
    final parentRenderNode = this.initViewRoot();
    final _anchor_0 = import9.appendAnchor(parentRenderNode);
    this._appEl_0 = ViewContainer(0, null, this, _anchor_0);
    var _TemplateRef_0_8 = TemplateRef(this._appEl_0, viewFactory_NestedNgForQueriesList1);
    this._NgIf_0_9 = NgIf(this._appEl_0, _TemplateRef_0_8);
    if (import10.isDevToolsEnabled) {
      import10.Inspector.instance.registerDirective(_anchor_0, this._NgIf_0_9);
    }
    _ctx.taggedItems = [];
  }

  @override
  void detectChangesInternal() {
    final _ctx = this.ctx;
    if (import10.isDevToolsEnabled) {
      import10.Inspector.instance.recordInput(this._NgIf_0_9, 'ngIf', _ctx.conditionA);
    }
    this._NgIf_0_9.ngIf = _ctx.conditionA /* REF:asset:goldens/test/templates/queries.dart:2649:2667 */;
    this._appEl_0.detectChangesInNestedViews();
  }

  @override
  void destroyInternal() {
    this._appEl_0.destroyNestedViews();
  }

  static void _debugClearComponentStyles() {
    _componentStyles = null;
  }

  void initComponentStyles() {
    var styles = _componentStyles;
    if ((styles == null)) {
      _componentStyles = (styles = import4.ComponentStyles.unscoped(styles$NestedNgForQueriesList, _debugComponentUrl));
      if (import7.isDevMode) {
        import4.ComponentStyles.debugOnClear(_debugClearComponentStyles);
      }
    }
    this.componentStyles = styles;
  }
}

const _NestedNgForQueriesListNgFactory = ComponentFactory<import1.NestedNgForQueriesList>('nested-ng-for-queries', viewFactory_NestedNgForQueriesListHost0);
ComponentFactory<import1.NestedNgForQueriesList> get NestedNgForQueriesListNgFactory {
  return _NestedNgForQueriesListNgFactory;
}

ComponentFactory<import1.NestedNgForQueriesList> createNestedNgForQueriesListFactory() {
  return ComponentFactory('nested-ng-for-queries', viewFactory_NestedNgForQueriesListHost0);
}

class _ViewNestedNgForQueriesList1 extends import16.EmbeddedView<import1.NestedNgForQueriesList> {
  late final ViewContainer _appEl_1;
  late final NgIf _NgIf_1_9;
  _ViewNestedNgForQueriesList1(import17.RenderView parentView, int parentIndex) : super(parentView, parentIndex);
  @override
  void build() {
    final doc = import8.document;
    final _el_0 = import7.unsafeCast(doc.createElement('div'));
    final _anchor_1 = import9.appendAnchor(_el_0);
    this._appEl_1 = ViewContainer(1, 0, this, _anchor_1);
    var _TemplateRef_1_8 = TemplateRef(this._appEl_1, viewFactory_NestedNgForQueriesList2);
    this._NgIf_1_9 = NgIf(this._appEl_1, _TemplateRef_1_8);
    if (import10.isDevToolsEnabled) {
      import10.Inspector.instance.registerDirective(_anchor_1, this._NgIf_1_9);
    }
    this.initRootNode(_el_0);
  }

  @override
  void detectChangesInternal() {
    final _ctx = this.ctx;
    if (import10.isDevToolsEnabled) {
      import10.Inspector.instance.recordInput(this._NgIf_1_9, 'ngIf', _ctx.conditionB);
    }
    this._NgIf_1_9.ngIf = _ctx.conditionB /* REF:asset:goldens/test/templates/queries.dart:2680:2698 */;
    this._appEl_1.detectChangesInNestedViews();
  }

  @override
  void destroyInternal() {
    this._appEl_1.destroyNestedViews();
  }
}

import16.EmbeddedView<void> viewFactory_NestedNgForQueriesList1(import17.RenderView parentView, int parentIndex) {
  return _ViewNestedNgForQueriesList1(parentView, parentIndex);
}

class _ViewNestedNgForQueriesList2 extends import16.EmbeddedView<import1.NestedNgForQueriesList> {
  late final ViewContainer _appEl_1;
  late final import19.NgFor _NgFor_1_9;
  _ViewNestedNgForQueriesList2(import17.RenderView parentView, int parentIndex) : super(parentView, parentIndex);
  @override
  void build() {
    final doc = import8.document;
    final _el_0 = import7.unsafeCast(doc.createElement('div'));
    final _anchor_1 = import9.appendAnchor(_el_0);
    this._appEl_1 = ViewContainer(1, 0, this, _anchor_1);
    var _TemplateRef_1_8 = TemplateRef(this._appEl_1, viewFactory_NestedNgForQueriesList3);
    this._NgFor_1_9 = import19.NgFor(this._appEl_1, _TemplateRef_1_8);
    if (import10.isDevToolsEnabled) {
      import10.Inspector.instance.registerDirective(_anchor_1, this._NgFor_1_9);
    }
    this.initRootNode(_el_0);
  }

  @override
  void detectChangesInternal() {
    final _ctx = this.ctx;
    bool firstCheck = this.firstCheck;
    if (firstCheck) {
      if ((_ctx.items != null)) {
        if (import10.isDevToolsEnabled) {
          import10.Inspector.instance.recordInput(this._NgFor_1_9, 'ngForOf', _ctx.items);
        }
        this._NgFor_1_9.ngForOf = _ctx.items /* REF:asset:goldens/test/templates/queries.dart:2713:2739 */;
      }
    }
    if ((!import13.debugThrowIfChanged)) {
      this._NgFor_1_9.ngDoCheck();
    }
    this._appEl_1.detectChangesInNestedViews();
  }

  @override
  void destroyInternal() {
    this._appEl_1.destroyNestedViews();
  }
}

import16.EmbeddedView<void> viewFactory_NestedNgForQueriesList2(import17.RenderView parentView, int parentIndex) {
  return _ViewNestedNgForQueriesList2(parentView, parentIndex);
}

class _ViewNestedNgForQueriesList3 extends import16.EmbeddedView<import1.NestedNgForQueriesList> {
  late final import1.AnotherDirective _AnotherDirective_1_5;
  _ViewNestedNgForQueriesList3(import17.RenderView parentView, int parentIndex) : super(parentView, parentIndex);
  @override
  void build() {
    final doc = import8.document;
    final _el_0 = import7.unsafeCast(doc.createElement('div'));
    final _el_1 = import9.appendElement<import8.Element>(doc, _el_0, 'another');
    this._AnotherDirective_1_5 = import1.AnotherDirective();
    if (import10.isDevToolsEnabled) {
      import10.Inspector.instance.registerDirective(_el_1, this._AnotherDirective_1_5);
    }
    this.initRootNode(_el_0);
  }
}

import16.EmbeddedView<void> viewFactory_NestedNgForQueriesList3(import17.RenderView parentView, int parentIndex) {
  return _ViewNestedNgForQueriesList3(parentView, parentIndex);
}

final List<Object> styles$NestedNgForQueriesListHost = const [];

class _ViewNestedNgForQueriesListHost0 extends import18.HostView<import1.NestedNgForQueriesList> {
  @override
  void build() {
    this.componentView = ViewNestedNgForQueriesList0(this, 0);
    final _el_0 = this.componentView.rootElement;
    this.component = import1.NestedNgForQueriesList();
    this.initRootNode(_el_0);
  }
}

import18.HostView<import1.NestedNgForQueriesList> viewFactory_NestedNgForQueriesListHost0() {
  return _ViewNestedNgForQueriesListHost0();
}

final List<Object> styles$StaticSingleQuery = const [];

class ViewStaticSingleQuery0 extends import0.ComponentView<import1.StaticSingleQuery> {
  late final import1.AnotherDirective _AnotherDirective_0_5;
  late final ViewContainer _appEl_1;
  late final NgIf _NgIf_1_9;
  static import4.ComponentStyles? _componentStyles;
  ViewStaticSingleQuery0(import5.View parentView, int parentIndex) : super(parentView, parentIndex, ChangeDetectionStrategy.CheckAlways) {
    this.initComponentStyles();
    this.rootElement = import7.unsafeCast(import8.document.createElement('static-single-query'));
  }
  static String? get _debugComponentUrl {
    return (import7.isDevMode ? 'asset:goldens/test/templates/queries.dart' : null);
  }

  @override
  void build() {
    final _ctx = this.ctx;
    final parentRenderNode = this.initViewRoot();
    final doc = import8.document;
    final _el_0 = import9.appendElement<import8.Element>(doc, parentRenderNode, 'another');
    this._AnotherDirective_0_5 = import1.AnotherDirective();
    if (import10.isDevToolsEnabled) {
      import10.Inspector.instance.registerDirective(_el_0, this._AnotherDirective_0_5);
    }
    final _anchor_1 = import9.appendAnchor(parentRenderNode);
    this._appEl_1 = ViewContainer(1, null, this, _anchor_1);
    var _TemplateRef_1_8 = TemplateRef(this._appEl_1, viewFactory_StaticSingleQuery1);
    this._NgIf_1_9 = NgIf(this._appEl_1, _TemplateRef_1_8);
    if (import10.isDevToolsEnabled) {
      import10.Inspector.instance.registerDirective(_anchor_1, this._NgIf_1_9);
    }
    _ctx.another = this._AnotherDirective_0_5;
  }

  @override
  void detectChangesInternal() {
    final _ctx = this.ctx;
    if (import10.isDevToolsEnabled) {
      import10.Inspector.instance.recordInput(this._NgIf_1_9, 'ngIf', _ctx.isVisible);
    }
    this._NgIf_1_9.ngIf = _ctx.isVisible /* REF:asset:goldens/test/templates/queries.dart:3291:3308 */;
    this._appEl_1.detectChangesInNestedViews();
  }

  @override
  void destroyInternal() {
    this._appEl_1.destroyNestedViews();
  }

  static void _debugClearComponentStyles() {
    _componentStyles = null;
  }

  void initComponentStyles() {
    var styles = _componentStyles;
    if ((styles == null)) {
      _componentStyles = (styles = import4.ComponentStyles.unscoped(styles$StaticSingleQuery, _debugComponentUrl));
      if (import7.isDevMode) {
        import4.ComponentStyles.debugOnClear(_debugClearComponentStyles);
      }
    }
    this.componentStyles = styles;
  }
}

const _StaticSingleQueryNgFactory = ComponentFactory<import1.StaticSingleQuery>('static-single-query', viewFactory_StaticSingleQueryHost0);
ComponentFactory<import1.StaticSingleQuery> get StaticSingleQueryNgFactory {
  return _StaticSingleQueryNgFactory;
}

ComponentFactory<import1.StaticSingleQuery> createStaticSingleQueryFactory() {
  return ComponentFactory('static-single-query', viewFactory_StaticSingleQueryHost0);
}

class _ViewStaticSingleQuery1 extends import16.EmbeddedView<import1.StaticSingleQuery> {
  late final import1.AnotherDirective _AnotherDirective_0_5;
  _ViewStaticSingleQuery1(import17.RenderView parentView, int parentIndex) : super(parentView, parentIndex);
  @override
  void build() {
    final doc = import8.document;
    final _el_0 = import7.unsafeCast(doc.createElement('another'));
    this._AnotherDirective_0_5 = import1.AnotherDirective();
    if (import10.isDevToolsEnabled) {
      import10.Inspector.instance.registerDirective(_el_0, this._AnotherDirective_0_5);
    }
    this.initRootNode(_el_0);
  }
}

import16.EmbeddedView<void> viewFactory_StaticSingleQuery1(import17.RenderView parentView, int parentIndex) {
  return _ViewStaticSingleQuery1(parentView, parentIndex);
}

final List<Object> styles$StaticSingleQueryHost = const [];

class _ViewStaticSingleQueryHost0 extends import18.HostView<import1.StaticSingleQuery> {
  @override
  void build() {
    this.componentView = ViewStaticSingleQuery0(this, 0);
    final _el_0 = this.componentView.rootElement;
    this.component = import1.StaticSingleQuery();
    this.initRootNode(_el_0);
  }
}

import18.HostView<import1.StaticSingleQuery> viewFactory_StaticSingleQueryHost0() {
  return _ViewStaticSingleQueryHost0();
}

final List<Object> styles$DynamicSingleQuery = const [];

class ViewDynamicSingleQuery0 extends import0.ComponentView<import1.DynamicSingleQuery> {
  bool _viewQuery_AnotherDirective_0_isDirty = true;
  late final ViewContainer _appEl_0;
  late final NgIf _NgIf_0_9;
  late final import1.AnotherDirective _AnotherDirective_1_5;
  late final import1.AnotherDirective _AnotherDirective_2_5;
  static import4.ComponentStyles? _componentStyles;
  ViewDynamicSingleQuery0(import5.View parentView, int parentIndex) : super(parentView, parentIndex, ChangeDetectionStrategy.CheckAlways) {
    this.initComponentStyles();
    this.rootElement = import7.unsafeCast(import8.document.createElement('dynamic-single-query'));
  }
  static String? get _debugComponentUrl {
    return (import7.isDevMode ? 'asset:goldens/test/templates/queries.dart' : null);
  }

  @override
  void build() {
    final parentRenderNode = this.initViewRoot();
    final _anchor_0 = import9.appendAnchor(parentRenderNode);
    this._appEl_0 = ViewContainer(0, null, this, _anchor_0);
    var _TemplateRef_0_8 = TemplateRef(this._appEl_0, viewFactory_DynamicSingleQuery1);
    this._NgIf_0_9 = NgIf(this._appEl_0, _TemplateRef_0_8);
    if (import10.isDevToolsEnabled) {
      import10.Inspector.instance.registerDirective(_anchor_0, this._NgIf_0_9);
    }
    final doc = import8.document;
    final _el_1 = import9.appendElement<import8.Element>(doc, parentRenderNode, 'another');
    this._AnotherDirective_1_5 = import1.AnotherDirective();
    if (import10.isDevToolsEnabled) {
      import10.Inspector.instance.registerDirective(_el_1, this._AnotherDirective_1_5);
    }
    final _el_2 = import9.appendElement<import8.Element>(doc, parentRenderNode, 'another');
    this._AnotherDirective_2_5 = import1.AnotherDirective();
    if (import10.isDevToolsEnabled) {
      import10.Inspector.instance.registerDirective(_el_2, this._AnotherDirective_2_5);
    }
  }

  @override
  void detectChangesInternal() {
    final _ctx = this.ctx;
    if (import10.isDevToolsEnabled) {
      import10.Inspector.instance.recordInput(this._NgIf_0_9, 'ngIf', _ctx.isVisible);
    }
    this._NgIf_0_9.ngIf = _ctx.isVisible /* REF:asset:goldens/test/templates/queries.dart:3735:3752 */;
    this._appEl_0.detectChangesInNestedViews();
    if ((!import13.debugThrowIfChanged)) {
      if (this._viewQuery_AnotherDirective_0_isDirty) {
        _ctx.another = [
          ...this._appEl_0.mapNestedViewsWithSingleResult((_ViewDynamicSingleQuery1 nestedView) {
            return nestedView._AnotherDirective_0_5;
          }),
          this._AnotherDirective_1_5
        ].first;
        this._viewQuery_AnotherDirective_0_isDirty = false;
      }
    }
  }

  @override
  void destroyInternal() {
    this._appEl_0.destroyNestedViews();
  }

  static void _debugClearComponentStyles() {
    _componentStyles = null;
  }

  void initComponentStyles() {
    var styles = _componentStyles;
    if ((styles == null)) {
      _componentStyles = (styles = import4.ComponentStyles.unscoped(styles$DynamicSingleQuery, _debugComponentUrl));
      if (import7.isDevMode) {
        import4.ComponentStyles.debugOnClear(_debugClearComponentStyles);
      }
    }
    this.componentStyles = styles;
  }
}

const _DynamicSingleQueryNgFactory = ComponentFactory<import1.DynamicSingleQuery>('dynamic-single-query', viewFactory_DynamicSingleQueryHost0);
ComponentFactory<import1.DynamicSingleQuery> get DynamicSingleQueryNgFactory {
  return _DynamicSingleQueryNgFactory;
}

ComponentFactory<import1.DynamicSingleQuery> createDynamicSingleQueryFactory() {
  return ComponentFactory('dynamic-single-query', viewFactory_DynamicSingleQueryHost0);
}

class _ViewDynamicSingleQuery1 extends import16.EmbeddedView<import1.DynamicSingleQuery> {
  late final import1.AnotherDirective _AnotherDirective_0_5;
  late final import1.AnotherDirective _AnotherDirective_1_5;
  _ViewDynamicSingleQuery1(import17.RenderView parentView, int parentIndex) : super(parentView, parentIndex);
  @override
  void build() {
    final doc = import8.document;
    final _el_0 = import7.unsafeCast(doc.createElement('another'));
    this._AnotherDirective_0_5 = import1.AnotherDirective();
    if (import10.isDevToolsEnabled) {
      import10.Inspector.instance.registerDirective(_el_0, this._AnotherDirective_0_5);
    }
    final _el_1 = import7.unsafeCast(doc.createElement('another'));
    this._AnotherDirective_1_5 = import1.AnotherDirective();
    if (import10.isDevToolsEnabled) {
      import10.Inspector.instance.registerDirective(_el_1, this._AnotherDirective_1_5);
    }
    this.initRootNodesAndSubscriptions(import7.unsafeCast(<Object>[_el_0, _el_1]), null);
  }

  @override
  void dirtyParentQueriesInternal() {
    import7.unsafeCast<ViewDynamicSingleQuery0>((this.parentView!))._viewQuery_AnotherDirective_0_isDirty = true;
  }
}

import16.EmbeddedView<void> viewFactory_DynamicSingleQuery1(import17.RenderView parentView, int parentIndex) {
  return _ViewDynamicSingleQuery1(parentView, parentIndex);
}

final List<Object> styles$DynamicSingleQueryHost = const [];

class _ViewDynamicSingleQueryHost0 extends import18.HostView<import1.DynamicSingleQuery> {
  @override
  void build() {
    this.componentView = ViewDynamicSingleQuery0(this, 0);
    final _el_0 = this.componentView.rootElement;
    this.component = import1.DynamicSingleQuery();
    this.initRootNode(_el_0);
  }
}

import18.HostView<import1.DynamicSingleQuery> viewFactory_DynamicSingleQueryHost0() {
  return _ViewDynamicSingleQueryHost0();
}

final List<Object> styles$ContentQuery = const [];

class ViewContentQuery0 extends import0.ComponentView<import1.ContentQuery> {
  static import4.ComponentStyles? _componentStyles;
  ViewContentQuery0(import5.View parentView, int parentIndex) : super(parentView, parentIndex, ChangeDetectionStrategy.CheckAlways) {
    this.initComponentStyles();
    this.rootElement = import7.unsafeCast(import8.document.createElement('content-query'));
  }
  static String? get _debugComponentUrl {
    return (import7.isDevMode ? 'asset:goldens/test/templates/queries.dart' : null);
  }

  @override
  void build() {
    final _ctx = this.ctx;
    final parentRenderNode = this.initViewRoot();
    final doc = import8.document;
    final _el_0 = import9.appendDiv(doc, parentRenderNode);
    this.project(_el_0, 0);
    _ctx.header = _el_0;
  }

  static void _debugClearComponentStyles() {
    _componentStyles = null;
  }

  void initComponentStyles() {
    var styles = _componentStyles;
    if ((styles == null)) {
      _componentStyles = (styles = import4.ComponentStyles.unscoped(styles$ContentQuery, _debugComponentUrl));
      if (import7.isDevMode) {
        import4.ComponentStyles.debugOnClear(_debugClearComponentStyles);
      }
    }
    this.componentStyles = styles;
  }
}

const _ContentQueryNgFactory = ComponentFactory<import1.ContentQuery>('content-query', viewFactory_ContentQueryHost0);
ComponentFactory<import1.ContentQuery> get ContentQueryNgFactory {
  return _ContentQueryNgFactory;
}

ComponentFactory<import1.ContentQuery> createContentQueryFactory() {
  return ComponentFactory('content-query', viewFactory_ContentQueryHost0);
}

final List<Object> styles$ContentQueryHost = const [];

class _ViewContentQueryHost0 extends import18.HostView<import1.ContentQuery> {
  @override
  void build() {
    this.componentView = ViewContentQuery0(this, 0);
    final _el_0 = this.componentView.rootElement;
    this.component = import1.ContentQuery();
    this.initRootNode(_el_0);
  }
}

import18.HostView<import1.ContentQuery> viewFactory_ContentQueryHost0() {
  return _ViewContentQueryHost0();
}

final List<Object> styles$ContentHasReference = const [];

class ViewContentHasReference0 extends import0.ComponentView<import1.ContentHasReference> {
  final import20.TextBinding _textBinding_2 = import20.TextBinding();
  final import20.TextBinding _textBinding_4 = import20.TextBinding();
  late final import21.NgContentRef _NgContentRef_0_5;
  static import4.ComponentStyles? _componentStyles;
  ViewContentHasReference0(import5.View parentView, int parentIndex) : super(parentView, parentIndex, ChangeDetectionStrategy.CheckAlways) {
    this.initComponentStyles();
    this.rootElement = import7.unsafeCast(import8.document.createElement('content-has-reference'));
  }
  static String? get _debugComponentUrl {
    return (import7.isDevMode ? 'asset:goldens/test/templates/queries.dart' : null);
  }

  @override
  void build() {
    final _ctx = this.ctx;
    final parentRenderNode = this.initViewRoot();
    this.project(parentRenderNode, 0);
    this._NgContentRef_0_5 = import21.NgContentRef(this, 0);
    final _text_1 = import9.appendText(parentRenderNode, ' ');
    parentRenderNode.append(this._textBinding_2.element);
    final _text_3 = import9.appendText(parentRenderNode, ' ');
    parentRenderNode.append(this._textBinding_4.element);
    _ctx.ref = this._NgContentRef_0_5;
  }

  @override
  void detectChangesInternal() {
    final _ctx = this.ctx;
    final local_foo = this._NgContentRef_0_5;
    this._textBinding_2.updateText(import22.interpolate0(local_foo.hasContent)) /* REF:asset:goldens/test/templates/queries.dart:4611:4629 */;
    this._textBinding_4.updateText(import22.interpolate0((_ctx.ref!).hasContent)) /* REF:asset:goldens/test/templates/queries.dart:4634:4653 */;
  }

  static void _debugClearComponentStyles() {
    _componentStyles = null;
  }

  void initComponentStyles() {
    var styles = _componentStyles;
    if ((styles == null)) {
      _componentStyles = (styles = import4.ComponentStyles.unscoped(styles$ContentHasReference, _debugComponentUrl));
      if (import7.isDevMode) {
        import4.ComponentStyles.debugOnClear(_debugClearComponentStyles);
      }
    }
    this.componentStyles = styles;
  }
}

const _ContentHasReferenceNgFactory = ComponentFactory<import1.ContentHasReference>('content-has-reference', viewFactory_ContentHasReferenceHost0);
ComponentFactory<import1.ContentHasReference> get ContentHasReferenceNgFactory {
  return _ContentHasReferenceNgFactory;
}

ComponentFactory<import1.ContentHasReference> createContentHasReferenceFactory() {
  return ComponentFactory('content-has-reference', viewFactory_ContentHasReferenceHost0);
}

final List<Object> styles$ContentHasReferenceHost = const [];

class _ViewContentHasReferenceHost0 extends import18.HostView<import1.ContentHasReference> {
  @override
  void build() {
    this.componentView = ViewContentHasReference0(this, 0);
    final _el_0 = this.componentView.rootElement;
    this.component = import1.ContentHasReference();
    this.initRootNode(_el_0);
  }
}

import18.HostView<import1.ContentHasReference> viewFactory_ContentHasReferenceHost0() {
  return _ViewContentHasReferenceHost0();
}

var _visited = false;
void initReflector() {
  if (_visited) {
    return;
  }
  _visited = true;

  _ngRef.registerComponent(GoldenComponent, createGoldenComponentFactory());
  _ngRef.registerComponent(EmbeddedQueries, createEmbeddedQueriesFactory());
  _ngRef.registerComponent(NestedNgForQueriesList, createNestedNgForQueriesListFactory());
  _ngRef.registerComponent(StaticSingleQuery, createStaticSingleQueryFactory());
  _ngRef.registerComponent(DynamicSingleQuery, createDynamicSingleQueryFactory());
  _ngRef.registerComponent(ContentQuery, createContentQueryFactory());
  _ngRef.registerComponent(ContentHasReference, createContentHasReferenceFactory());
  _ref0.initReflector();
}
