// GENERATED CODE - DO NOT MODIFY BY HAND

// **************************************************************************
// Generator: TestInjectableExtractor
// Target: library
// **************************************************************************

final String output = """[
  {
    "class": "InjectorModule",
    "name": "EmptyModule",
    "moduleUrl": "asset:angular2/test/source_gen/template_compiler/test_files/injectable_module/injectable_module.dart",
    "prefix": null,
    "isHost": false,
    "value": null,
    "diDeps": [],
    "providers": [],
    "injectable": true
  },
  {
    "class": "InjectorModule",
    "name": "TestModule",
    "moduleUrl": "asset:angular2/test/source_gen/template_compiler/test_files/injectable_module/injectable_module.dart",
    "prefix": null,
    "isHost": false,
    "value": null,
    "diDeps": [],
    "providers": [],
    "injectable": true
  }
]""";
