[
  {
    "class": "NormalizedComponentWithViewDirectives",
    "component": {
      "class": "Directive",
      "isComponent": true,
      "selector": "uses-native-events",
      "exportAs": null,
      "type": {
        "class": "Type",
        "name": "UsesNativeEvents",
        "moduleUrl": "asset:angular2/test/source_gen/template_compiler/test_files/events.dart",
        "prefix": null,
        "isHost": false,
        "value": null,
        "diDeps": []
      },
      "changeDetection": 6,
      "inputs": {},
      "inputTypes": {},
      "outputs": {},
      "hostListeners": {
        "focus": "onFocus()"
      },
      "hostProperties": {},
      "hostAttributes": {},
      "lifecycleHooks": [],
      "template": {
        "encapsulation": 0,
        "template": "    <button (click)=\"onClick()\"></button>\n  ",
        "templateUrl": null,
        "styles": [],
        "styleUrls": [],
        "ngContentSelectors": []
      },
      "providers": [],
      "viewProviders": [],
      "queries": [],
      "viewQueries": []
    },
    "directives": [],
    "pipes": []
  },
  {
    "class": "NormalizedComponentWithViewDirectives",
    "component": {
      "class": "Directive",
      "isComponent": true,
      "selector": "uses-angular-events",
      "exportAs": null,
      "type": {
        "class": "Type",
        "name": "UsesAngularEvents",
        "moduleUrl": "asset:angular2/test/source_gen/template_compiler/test_files/events.dart",
        "prefix": null,
        "isHost": false,
        "value": null,
        "diDeps": []
      },
      "changeDetection": 6,
      "inputs": {},
      "inputTypes": {},
      "outputs": {},
      "hostListeners": {},
      "hostProperties": {},
      "hostAttributes": {},
      "lifecycleHooks": [],
      "template": {
        "encapsulation": 0,
        "template": "    <has-angular-events (foo)=\"onFoo()\"></has-angular-events>\n  ",
        "templateUrl": null,
        "styles": [],
        "styleUrls": [],
        "ngContentSelectors": []
      },
      "providers": [],
      "viewProviders": [],
      "queries": [],
      "viewQueries": []
    },
    "directives": [
      {
        "class": "Directive",
        "isComponent": true,
        "selector": "has-angular-events",
        "exportAs": null,
        "type": {
          "class": "Type",
          "name": "HasAngularEvents",
          "moduleUrl": "asset:angular2/test/source_gen/template_compiler/test_files/events.dart",
          "prefix": null,
          "isHost": false,
          "value": null,
          "diDeps": []
        },
        "changeDetection": 6,
        "inputs": {},
        "inputTypes": {},
        "outputs": {
          "foo": "foo"
        },
        "hostListeners": {},
        "hostProperties": {},
        "hostAttributes": {},
        "lifecycleHooks": [],
        "template": {
          "encapsulation": 0,
          "template": "",
          "templateUrl": null,
          "styles": [],
          "styleUrls": [],
          "ngContentSelectors": []
        },
        "providers": [],
        "viewProviders": [],
        "queries": [],
        "viewQueries": []
      }
    ],
    "pipes": []
  },
  {
    "class": "NormalizedComponentWithViewDirectives",
    "component": {
      "class": "Directive",
      "isComponent": true,
      "selector": "has-angular-events",
      "exportAs": null,
      "type": {
        "class": "Type",
        "name": "HasAngularEvents",
        "moduleUrl": "asset:angular2/test/source_gen/template_compiler/test_files/events.dart",
        "prefix": null,
        "isHost": false,
        "value": null,
        "diDeps": []
      },
      "changeDetection": 6,
      "inputs": {},
      "inputTypes": {},
      "outputs": {
        "foo": "foo"
      },
      "hostListeners": {},
      "hostProperties": {},
      "hostAttributes": {},
      "lifecycleHooks": [],
      "template": {
        "encapsulation": 0,
        "template": "",
        "templateUrl": null,
        "styles": [],
        "styleUrls": [],
        "ngContentSelectors": []
      },
      "providers": [],
      "viewProviders": [],
      "queries": [],
      "viewQueries": []
    },
    "directives": [],
    "pipes": []
  }
]