[
  {
    "class": "NormalizedComponentWithViewDirectives",
    "component": {
      "class": "Directive",
      "isComponent": true,
      "selector": "has-opaque-tokens",
      "exportAs": null,
      "type": {
        "class": "Type",
        "name": "HasOpaqueTokens",
        "moduleUrl": "asset:angular2/test/source_gen/template_compiler/test_files/opaque_token.dart",
        "prefix": null,
        "isHost": false,
        "value": null,
        "diDeps": [
          {
            "token": {
              "value": null,
              "identifier": {
                "class": "Identifier",
                "name": "baseUrlToken",
                "moduleUrl": "asset:angular2/test/source_gen/template_compiler/test_files/opaque_token.dart",
                "prefix": null,
                "value": null
              },
              "identifierIsInstance": false
            },
            "value": null,
            "isAttribute": false,
            "isSelf": false,
            "isHost": false,
            "isSkipSelf": false,
            "isOptional": false,
            "isValue": false
          }
        ]
      },
      "changeDetection": 6,
      "inputs": {},
      "inputTypes": {},
      "outputs": {},
      "hostListeners": {},
      "hostProperties": {},
      "hostAttributes": {},
      "lifecycleHooks": [],
      "template": {
        "encapsulation": 0,
        "template": "{{baseUrl}}",
        "templateUrl": null,
        "styles": [],
        "styleUrls": [],
        "ngContentSelectors": []
      },
      "providers": [
        {
          "class": "Provider",
          "token": {
            "value": "const OpaqueToken('baseUrlDescription')",
            "identifier": null,
            "identifierIsInstance": false
          },
          "useClass": null,
          "useExisting": null,
          "useValue": {
            "value": "https://localhost",
            "identifier": null,
            "identifierIsInstance": false
          },
          "useFactory": null,
          "useProperty": null,
          "multi": false,
          "deps": null
        }
      ],
      "viewProviders": [],
      "queries": [],
      "viewQueries": []
    },
    "directives": [],
    "pipes": []
  }
]